[29-Jan-2025 17:52:02 Europe/Berlin] PHP Fatal error:  Uncaught mysqli_sql_exception: Cannot add or update a child row: a foreign key constraint fails (`user`.`login`, CONSTRAINT `login_ibfk_1` FOREIGN KEY (`branch_id`) REFERENCES `branches` (`branchId`)) in C:\xampp\htdocs\nea-project\register.php:91
Stack trace:
#0 C:\xampp\htdocs\nea-project\register.php(91): mysqli_stmt->execute()
#1 {main}
  thrown in C:\xampp\htdocs\nea-project\register.php on line 91
[29-Jan-2025 17:52:03 Europe/Berlin] PHP Fatal error:  Uncaught mysqli_sql_exception: Cannot add or update a child row: a foreign key constraint fails (`user`.`login`, CONSTRAINT `login_ibfk_1` FOREIGN KEY (`branch_id`) REFERENCES `branches` (`branchId`)) in C:\xampp\htdocs\nea-project\register.php:91
Stack trace:
#0 C:\xampp\htdocs\nea-project\register.php(91): mysqli_stmt->execute()
#1 {main}
  thrown in C:\xampp\htdocs\nea-project\register.php on line 91
[29-Jan-2025 17:52:03 Europe/Berlin] PHP Fatal error:  Uncaught mysqli_sql_exception: Cannot add or update a child row: a foreign key constraint fails (`user`.`login`, CONSTRAINT `login_ibfk_1` FOREIGN KEY (`branch_id`) REFERENCES `branches` (`branchId`)) in C:\xampp\htdocs\nea-project\register.php:91
Stack trace:
#0 C:\xampp\htdocs\nea-project\register.php(91): mysqli_stmt->execute()
#1 {main}
  thrown in C:\xampp\htdocs\nea-project\register.php on line 91
[29-Jan-2025 17:52:04 Europe/Berlin] PHP Fatal error:  Uncaught mysqli_sql_exception: Cannot add or update a child row: a foreign key constraint fails (`user`.`login`, CONSTRAINT `login_ibfk_1` FOREIGN KEY (`branch_id`) REFERENCES `branches` (`branchId`)) in C:\xampp\htdocs\nea-project\register.php:91
Stack trace:
#0 C:\xampp\htdocs\nea-project\register.php(91): mysqli_stmt->execute()
#1 {main}
  thrown in C:\xampp\htdocs\nea-project\register.php on line 91
[29-Jan-2025 17:52:21 Europe/Berlin] PHP Fatal error:  Uncaught mysqli_sql_exception: Cannot add or update a child row: a foreign key constraint fails (`user`.`login`, CONSTRAINT `login_ibfk_1` FOREIGN KEY (`branch_id`) REFERENCES `branches` (`branchId`)) in C:\xampp\htdocs\nea-project\register.php:91
Stack trace:
#0 C:\xampp\htdocs\nea-project\register.php(91): mysqli_stmt->execute()
#1 {main}
  thrown in C:\xampp\htdocs\nea-project\register.php on line 91
